// Jest Snapshot v1, https://goo.gl/fbAQLP

exports[`Carousel component should match snapshot 1`] = `
<div>
  <div
    class="vtex-carousel force-full-width"
  >
    <div
      style="max-height: 440px;"
    >
      <a
        href="https://raw.githubusercontent.com/vtex-apps/carousel/master/images/banners-01.png"
        target="_blank"
      >
        <div
          class="vtex-carousel__img-container"
        >
          <div
            class="vtex-carousel__img-regular"
            style="max-height: 440px;"
          >
            <img
              alt="banner"
              class="w-100"
              src="https://raw.githubusercontent.com/vtex-apps/carousel/master/images/banners-01.png"
            />
          </div>
        </div>
      </a>
    </div>
    <div
      style="max-height: 440px;"
    >
      <a
        href="https://raw.githubusercontent.com/vtex-apps/carousel/master/images/banners-01.png"
        target="_blank"
      >
        <div
          class="vtex-carousel__img-container"
        >
          <div
            class="vtex-carousel__img-regular"
            style="max-height: 440px;"
          >
            <img
              alt="david"
              class="w-100"
              src="https://raw.githubusercontent.com/vtex-apps/carousel/master/images/banners-02.png"
            />
          </div>
        </div>
      </a>
    </div>
    <div
      style="max-height: 440px;"
    >
      <a
        href="https://raw.githubusercontent.com/vtex-apps/carousel/master/images/banners-01.png"
        target="_blank"
      >
        <div
          class="vtex-carousel__img-container"
        >
          <div
            class="vtex-carousel__img-regular"
            style="max-height: 440px;"
          >
            <img
              alt="banner"
              class="w-100"
              src="https://raw.githubusercontent.com/vtex-apps/carousel/master/images/banners-03.png"
            />
          </div>
        </div>
      </a>
    </div>
  </div>
</div>
`;
